["777.77777.777.777"]